// Jest Snapshot v1, https://goo.gl/fbAQLP

exports[`Footer renders correctly 1`] = `
<footer
  style={
    Object {
      "color": "#fff",
      "marginTop": "4.375rem",
      "paddingTop": "1.75rem",
    }
  }
>
  <a
    href="https://mobile.twitter.com/servatj"
    rel="noopener noreferrer"
    target="_blank"
  >
    twitter
  </a>
   
  •
   
  <a
    href="https://github.com/servatj"
    rel="noopener noreferrer"
    target="_blank"
  >
    github
  </a>
   
  •
   
  <a
    href="https://www.linkedin.com/in/josep-servat-lorca-384ba757/"
    rel="noopener noreferrer"
    target="_blank"
  >
    linkedin
  </a>
   
  •
   
  <a
    href="https://discord.gg/vbE4MaJ"
  >
    Discord
  </a>
</footer>
`;
